// Jest Snapshot v1, https://goo.gl/fbAQLP

exports[`Test that a module page get created correctly renders 1`] = `
<View
  style={
    Array [
      Object {
        "backgroundColor": "#A5C9CA",
        "height": "100%",
        "paddingTop": 0,
        "width": "100%",
      },
      undefined,
    ]
  }
>
  <RCTScrollView>
    <View>
      <View>
        <View
          style={
            Array [
              Object {
                "backgroundColor": "#395B64",
                "borderRadius": 20,
                "margin": 10,
                "padding": 12,
              },
              undefined,
            ]
          }
        >
          <Text
            style={
              Object {
                "color": "#FFFFFF",
                "fontSize": 20,
              }
            }
          >
            testText
          </Text>
          <Text
            style={
              Object {
                "color": "#FFFFFF",
                "fontSize": 14,
              }
            }
          >
            Lorem ipsum dolor sit amet
          </Text>
        </View>
      </View>
      <View>
        <View
          style={
            Array [
              Object {
                "backgroundColor": "#395B64",
                "borderRadius": 20,
                "margin": 10,
                "padding": 12,
              },
              Object {
                "alignItems": "center",
              },
            ]
          }
        >
          <Text
            style={
              Object {
                "color": "#FFFFFF",
                "fontSize": 20,
              }
            }
          >
            testImg
          </Text>
          <Image
            source={
              Object {
                "uri": "https://post.medicalnewstoday.com/wp-content/uploads/sites/3/2020/02/325353_2200-1200x628.jpg",
              }
            }
            style={
              Object {
                "aspectRatio": 1.7777777777777777,
                "borderRadius": 20,
                "width": "95%",
              }
            }
          />
          <Text
            style={
              Object {
                "color": "#9999A9",
                "fontSize": 12,
              }
            }
          >
            Sleeping man
          </Text>
        </View>
      </View>
      <View>
        <View
          style={
            Array [
              Object {
                "backgroundColor": "#395B64",
                "borderRadius": 20,
                "margin": 10,
                "padding": 12,
              },
              undefined,
            ]
          }
        >
          <Text
            style={
              Array [
                Object {
                  "color": "#FFFFFF",
                  "fontSize": 20,
                },
                Object {
                  "alignSelf": "center",
                },
              ]
            }
          >
            Test heading
          </Text>
          <View>
            <View
              style={
                Object {
                  "paddingVertical": 5,
                }
              }
            >
              <Text
                style={
                  Object {
                    "color": "#FFFFFF",
                    "fontSize": 16,
                  }
                }
              >
                Test Label
              </Text>
              <View
                style={
                  Array [
                    Object {
                      "backgroundColor": "#E7F6F2",
                      "borderColor": "",
                      "borderRadius": 20,
                      "borderWidth": 0,
                      "height": 112,
                      "justifyContent": "flex-start",
                      "marginVertical": 5,
                      "maxWidth": "100%",
                      "paddingHorizontal": 10,
                      "paddingVertical": 5,
                      "width": "100%",
                    },
                    undefined,
                  ]
                }
              >
                <TextInput
                  multiline={true}
                  onChangeText={[Function]}
                  placeholder="Test value"
                  placeholderTextColor="#9999A9"
                  style={
                    Object {
                      "color": "#000000",
                      "fontSize": 16,
                      "fontWeight": "400",
                      "height": "100%",
                    }
                  }
                  value=""
                />
              </View>
              <Text
                style={
                  Object {
                    "color": "#9999A9",
                    "fontSize": 12,
                  }
                }
              >
                Test helptext
              </Text>
            </View>
          </View>
          <View>
            <View
              style={
                Object {
                  "paddingVertical": 5,
                }
              }
            >
              <Text
                style={
                  Object {
                    "color": "#FFFFFF",
                    "fontSize": 16,
                  }
                }
              >
                Test Label
              </Text>
              <View
                style={
                  Array [
                    Object {
                      "backgroundColor": "#E7F6F2",
                      "borderColor": "",
                      "borderRadius": 20,
                      "borderWidth": 0,
                      "height": 112,
                      "justifyContent": "flex-start",
                      "marginVertical": 5,
                      "maxWidth": "100%",
                      "paddingHorizontal": 10,
                      "paddingVertical": 5,
                      "width": "100%",
                    },
                    undefined,
                  ]
                }
              >
                <TextInput
                  multiline={true}
                  onChangeText={[Function]}
                  placeholder="Test value"
                  placeholderTextColor="#9999A9"
                  style={
                    Object {
                      "color": "#000000",
                      "fontSize": 16,
                      "fontWeight": "400",
                      "height": "100%",
                    }
                  }
                  value=""
                />
              </View>
              <Text
                style={
                  Object {
                    "color": "#9999A9",
                    "fontSize": 12,
                  }
                }
              >
                Test helptext
              </Text>
            </View>
          </View>
          <View>
            <View
              style={
                Object {
                  "paddingVertical": 5,
                }
              }
            >
              <Text
                style={
                  Object {
                    "color": "#FFFFFF",
                    "fontSize": 16,
                  }
                }
              >
                Test Label
              </Text>
              <View
                style={
                  Array [
                    Object {
                      "backgroundColor": "#E7F6F2",
                      "borderColor": "",
                      "borderRadius": 20,
                      "borderWidth": 0,
                      "height": 112,
                      "justifyContent": "flex-start",
                      "marginVertical": 5,
                      "maxWidth": "100%",
                      "paddingHorizontal": 10,
                      "paddingVertical": 5,
                      "width": "100%",
                    },
                    undefined,
                  ]
                }
              >
                <TextInput
                  multiline={true}
                  onChangeText={[Function]}
                  placeholder="Test value"
                  placeholderTextColor="#9999A9"
                  style={
                    Object {
                      "color": "#000000",
                      "fontSize": 16,
                      "fontWeight": "400",
                      "height": "100%",
                    }
                  }
                  value=""
                />
              </View>
              <Text
                style={
                  Object {
                    "color": "#9999A9",
                    "fontSize": 12,
                  }
                }
              >
                Test helptext
              </Text>
            </View>
          </View>
          <View>
            <View
              style={
                Object {
                  "alignItems": "center",
                  "flexDirection": "row",
                  "justifyContent": "space-between",
                  "paddingVertical": 5,
                }
              }
            >
              <Text
                style={
                  Object {
                    "color": "#FFFFFF",
                    "fontSize": 16,
                  }
                }
              >
                Er du Gravid?
              </Text>
              <View
                style={
                  Object {
                    "alignItems": "center",
                    "backgroundColor": "#E7F6F2",
                    "borderRadius": 10,
                    "justifyContent": "center",
                    "marginRight": 50,
                    "width": 38,
                  }
                }
              >
                <View
                  accessibilityLiveRegion="polite"
                  accessibilityRole="checkbox"
                  accessibilityState={
                    Object {
                      "checked": false,
                      "disabled": false,
                    }
                  }
                  accessible={true}
                  focusable={true}
                  onClick={[Function]}
                  onResponderGrant={[Function]}
                  onResponderMove={[Function]}
                  onResponderRelease={[Function]}
                  onResponderTerminate={[Function]}
                  onResponderTerminationRequest={[Function]}
                  onStartShouldSetResponder={[Function]}
                  style={
                    Array [
                      Object {
                        "overflow": "hidden",
                      },
                      Object {
                        "borderRadius": 18,
                        "padding": 6,
                      },
                    ]
                  }
                >
                  <View
                    style={
                      Object {
                        "opacity": 0,
                      }
                    }
                  >
                    <Text />
                  </View>
                </View>
              </View>
            </View>
          </View>
          <View>
            <View
              style={
                Object {
                  "alignItems": "center",
                  "flexDirection": "row",
                  "justifyContent": "space-between",
                  "paddingVertical": 5,
                }
              }
            >
              <Text
                style={
                  Object {
                    "color": "#FFFFFF",
                    "fontSize": 16,
                  }
                }
              >
                Er du i fast jobb?
              </Text>
              <View
                style={
                  Object {
                    "alignItems": "center",
                    "backgroundColor": "#E7F6F2",
                    "borderRadius": 10,
                    "justifyContent": "center",
                    "marginRight": 50,
                    "width": 38,
                  }
                }
              >
                <View
                  accessibilityLiveRegion="polite"
                  accessibilityRole="checkbox"
                  accessibilityState={
                    Object {
                      "checked": false,
                      "disabled": false,
                    }
                  }
                  accessible={true}
                  focusable={true}
                  onClick={[Function]}
                  onResponderGrant={[Function]}
                  onResponderMove={[Function]}
                  onResponderRelease={[Function]}
                  onResponderTerminate={[Function]}
                  onResponderTerminationRequest={[Function]}
                  onStartShouldSetResponder={[Function]}
                  style={
                    Array [
                      Object {
                        "overflow": "hidden",
                      },
                      Object {
                        "borderRadius": 18,
                        "padding": 6,
                      },
                    ]
                  }
                >
                  <View
                    style={
                      Object {
                        "opacity": 0,
                      }
                    }
                  >
                    <Text />
                  </View>
                </View>
              </View>
            </View>
          </View>
          <View>
            <View
              style={
                Object {
                  "paddingVertical": 5,
                }
              }
            >
              <Text
                style={
                  Object {
                    "color": "#FFFFFF",
                    "fontSize": 16,
                  }
                }
              >
                Jobbform
              </Text>
              <View
                style={
                  Object {
                    "zIndex": 100,
                  }
                }
              >
                <View
                  accessible={true}
                  collapsable={false}
                  focusable={true}
                  onClick={[Function]}
                  onResponderGrant={[Function]}
                  onResponderMove={[Function]}
                  onResponderRelease={[Function]}
                  onResponderTerminate={[Function]}
                  onResponderTerminationRequest={[Function]}
                  onStartShouldSetResponder={[Function]}
                  style={
                    Object {
                      "opacity": 1,
                    }
                  }
                >
                  <View
                    onLayout={[Function]}
                    style={
                      Object {
                        "alignItems": "center",
                        "backgroundColor": "#E7F6F2",
                        "borderRadius": 20,
                        "display": "flex",
                        "flexDirection": "row",
                        "height": 56,
                        "justifyContent": "space-between",
                        "marginVertical": 5,
                        "maxWidth": "100%",
                        "paddingHorizontal": 15,
                        "width": "100%",
                      }
                    }
                  >
                    <Text
                      style={
                        Array [
                          Object {
                            "color": "#000000",
                            "fontFamily": "System",
                            "fontWeight": "400",
                          },
                          Object {
                            "textAlign": "left",
                          },
                          Object {
                            "color": "#9999A9",
                            "fontSize": 16,
                            "fontWeight": "400",
                            "width": "80%",
                          },
                        ]
                      }
                    >
                      Jobbform
                    </Text>
                    <RNSVGSvgView
                      align="xMidYMid"
                      bbHeight={24}
                      bbWidth={24}
                      fill="none"
                      focusable={false}
                      height={24}
                      meetOrSlice={0}
                      minX={0}
                      minY={0}
                      style={
                        Array [
                          Object {
                            "backgroundColor": "transparent",
                            "borderWidth": 0,
                          },
                          Object {
                            "flex": 0,
                            "height": 24,
                            "width": 24,
                          },
                        ]
                      }
                      vbHeight={24}
                      vbWidth={24}
                      width={24}
                      xml="<svg width=\\"24\\" height=\\"24\\" viewBox=\\"0 0 24 24\\" fill=\\"none\\" xmlns=\\"http://www.w3.org/2000/svg\\">
  <path fill-rule=\\"evenodd\\" clip-rule=\\"evenodd\\" d=\\"M18.5303 9.53033L12.5303 15.5303C12.2374 15.8232 11.7626 15.8232 11.4697 15.5303L5.46968 9.53033L6.53033 8.46967L12 13.9393L17.4697 8.46967L18.5303 9.53033Z\\" fill=\\"black\\"/>
  </svg>
  "
                      xmlns="http://www.w3.org/2000/svg"
                    >
                      <RNSVGGroup
                        fill={null}
                        propList={
                          Array [
                            "fill",
                          ]
                        }
                      >
                        <RNSVGPath
                          clipRule={0}
                          d="M18.5303 9.53033L12.5303 15.5303C12.2374 15.8232 11.7626 15.8232 11.4697 15.5303L5.46968 9.53033L6.53033 8.46967L12 13.9393L17.4697 8.46967L18.5303 9.53033Z"
                          fill={4278190080}
                          fillRule={0}
                          propList={
                            Array [
                              "fill",
                              "fillRule",
                            ]
                          }
                        />
                      </RNSVGGroup>
                    </RNSVGSvgView>
                  </View>
                </View>
                <RCTScrollView
                  scrollToOverflowEnabled={true}
                  style={
                    Object {
                      "backgroundColor": "#E7F6F2",
                      "borderColor": "rgba(0, 0, 0, 0.24)",
                      "borderRadius": 10,
                      "borderWidth": 1,
                      "display": "none",
                      "maxHeight": 210,
                      "overflow": "hidden",
                      "paddingTop": 5,
                      "width": 0,
                      "zIndex": 15000,
                    }
                  }
                >
                  <View>
                    <View
                      accessible={true}
                      collapsable={false}
                      focusable={true}
                      onClick={[Function]}
                      onResponderGrant={[Function]}
                      onResponderMove={[Function]}
                      onResponderRelease={[Function]}
                      onResponderTerminate={[Function]}
                      onResponderTerminationRequest={[Function]}
                      onStartShouldSetResponder={[Function]}
                      style={
                        Object {
                          "alignItems": "flex-start",
                          "height": 40,
                          "justifyContent": "center",
                          "marginBottom": 1,
                          "opacity": 1,
                          "paddingHorizontal": 20,
                          "width": "100%",
                        }
                      }
                    >
                      <Text
                        style={
                          Array [
                            Object {
                              "color": "#000000",
                              "fontFamily": "System",
                              "fontWeight": "400",
                            },
                            Object {
                              "textAlign": "left",
                            },
                            Object {
                              "fontSize": 16,
                            },
                          ]
                        }
                      >
                        Skift
                      </Text>
                    </View>
                    <View
                      accessible={true}
                      collapsable={false}
                      focusable={true}
                      onClick={[Function]}
                      onResponderGrant={[Function]}
                      onResponderMove={[Function]}
                      onResponderRelease={[Function]}
                      onResponderTerminate={[Function]}
                      onResponderTerminationRequest={[Function]}
                      onStartShouldSetResponder={[Function]}
                      style={
                        Object {
                          "alignItems": "flex-start",
                          "height": 40,
                          "justifyContent": "center",
                          "marginBottom": 1,
                          "opacity": 1,
                          "paddingHorizontal": 20,
                          "width": "100%",
                        }
                      }
                    >
                      <Text
                        style={
                          Array [
                            Object {
                              "color": "#000000",
                              "fontFamily": "System",
                              "fontWeight": "400",
                            },
                            Object {
                              "textAlign": "left",
                            },
                            Object {
                              "fontSize": 16,
                            },
                          ]
                        }
                      >
                        Deltid
                      </Text>
                    </View>
                    <View
                      accessible={true}
                      collapsable={false}
                      focusable={true}
                      onClick={[Function]}
                      onResponderGrant={[Function]}
                      onResponderMove={[Function]}
                      onResponderRelease={[Function]}
                      onResponderTerminate={[Function]}
                      onResponderTerminationRequest={[Function]}
                      onStartShouldSetResponder={[Function]}
                      style={
                        Object {
                          "alignItems": "flex-start",
                          "height": 40,
                          "justifyContent": "center",
                          "marginBottom": 1,
                          "opacity": 1,
                          "paddingHorizontal": 20,
                          "width": "100%",
                        }
                      }
                    >
                      <Text
                        style={
                          Array [
                            Object {
                              "color": "#000000",
                              "fontFamily": "System",
                              "fontWeight": "400",
                            },
                            Object {
                              "textAlign": "left",
                            },
                            Object {
                              "fontSize": 16,
                            },
                          ]
                        }
                      >
                        8-4
                      </Text>
                    </View>
                  </View>
                </RCTScrollView>
              </View>
              <Text
                style={
                  Object {
                    "color": "#9999A9",
                    "fontSize": 12,
                  }
                }
              >
                Test helptext
              </Text>
            </View>
          </View>
          <View
            accessible={true}
            collapsable={false}
            focusable={true}
            onClick={[Function]}
            onResponderGrant={[Function]}
            onResponderMove={[Function]}
            onResponderRelease={[Function]}
            onResponderTerminate={[Function]}
            onResponderTerminationRequest={[Function]}
            onStartShouldSetResponder={[Function]}
            style={
              Object {
                "alignItems": "center",
                "backgroundColor": "#A5C9CA",
                "borderColor": "",
                "borderRadius": 20,
                "borderWidth": 0,
                "justifyContent": "center",
                "marginVertical": 5,
                "minHeight": 56,
                "minWidth": 20,
                "opacity": 1,
                "overflow": "hidden",
              }
            }
          >
            <Text>
              Send in
            </Text>
          </View>
        </View>
      </View>
    </View>
  </RCTScrollView>
</View>
`;
